[2026-04-04 22:07:21] API: UP (200)
[2026-04-04 22:07:21] MongoDB: UP
[2026-04-04 22:07:21] Disk: 21%
[2026-04-04 22:07:21] Memory: 60%
[2026-04-04 22:07:21] Backup: 0h ago
[2026-04-04 22:10:01] API: UP (200)
[2026-04-04 22:10:02] MongoDB: UP
[2026-04-04 22:10:02] Disk: 21%
[2026-04-04 22:10:02] Memory: 60%
[2026-04-04 22:10:02] Backup: 0h ago
[2026-04-04 22:15:01] API: UP (200)
[2026-04-04 22:15:01] MongoDB: UP
[2026-04-04 22:15:01] Disk: 21%
[2026-04-04 22:15:01] Memory: 52%
[2026-04-04 22:15:01] Backup: 0h ago
[2026-04-04 22:20:01] API: UP (200)
[2026-04-04 22:20:01] MongoDB: UP
[2026-04-04 22:20:01] Disk: 21%
[2026-04-04 22:20:01] Memory: 56%
[2026-04-04 22:20:01] Backup: 0h ago
[2026-04-04 22:25:01] API: UP (200)
[2026-04-04 22:25:02] MongoDB: UP
[2026-04-04 22:25:02] Disk: 21%
[2026-04-04 22:25:02] Memory: 46%
[2026-04-04 22:25:02] Backup: 0h ago
[2026-04-04 22:30:01] API: UP (200)
[2026-04-04 22:30:01] MongoDB: UP
[2026-04-04 22:30:01] Disk: 21%
[2026-04-04 22:30:01] Memory: 45%
[2026-04-04 22:30:01] Backup: 0h ago
[2026-04-04 22:35:01] API: UP (200)
[2026-04-04 22:35:02] MongoDB: UP
[2026-04-04 22:35:02] Disk: 21%
[2026-04-04 22:35:02] Memory: 48%
[2026-04-04 22:35:02] Backup: 0h ago
[2026-04-04 22:40:01] API: UP (200)
[2026-04-04 22:40:01] MongoDB: UP
[2026-04-04 22:40:01] Disk: 21%
[2026-04-04 22:40:01] Memory: 50%
[2026-04-04 22:40:01] Backup: 0h ago
[2026-04-04 22:45:01] API: UP (200)
[2026-04-04 22:45:02] MongoDB: UP
[2026-04-04 22:45:02] Disk: 21%
[2026-04-04 22:45:02] Memory: 44%
[2026-04-04 22:45:02] Backup: 0h ago
[2026-04-04 22:50:01] API: UP (200)
[2026-04-04 22:50:01] MongoDB: UP
[2026-04-04 22:50:01] Disk: 21%
[2026-04-04 22:50:01] Memory: 48%
[2026-04-04 22:50:01] Backup: 0h ago
[2026-04-04 22:55:01] API: UP (200)
[2026-04-04 22:55:01] MongoDB: UP
[2026-04-04 22:55:01] Disk: 21%
[2026-04-04 22:55:01] Memory: 47%
[2026-04-04 22:55:01] Backup: 0h ago
[2026-04-04 23:00:01] API: UP (200)
[2026-04-04 23:00:02] MongoDB: UP
[2026-04-04 23:00:02] Disk: 21%
[2026-04-04 23:00:02] Memory: 51%
[2026-04-04 23:00:02] Backup: 0h ago
[2026-04-04 23:05:01] API: UP (200)
[2026-04-04 23:05:01] MongoDB: UP
[2026-04-04 23:05:01] Disk: 21%
[2026-04-04 23:05:01] Memory: 44%
[2026-04-04 23:05:01] Backup: 0h ago
[2026-04-04 23:10:01] API: UP (200)
[2026-04-04 23:10:02] MongoDB: UP
[2026-04-04 23:10:02] Disk: 21%
[2026-04-04 23:10:02] Memory: 51%
[2026-04-04 23:10:02] Backup: 1h ago
[2026-04-04 23:15:01] API: UP (200)
[2026-04-04 23:15:01] MongoDB: UP
[2026-04-04 23:15:01] Disk: 21%
[2026-04-04 23:15:01] Memory: 40%
[2026-04-04 23:15:01] Backup: 1h ago
[2026-04-04 23:20:01] API: UP (200)
[2026-04-04 23:20:01] MongoDB: UP
[2026-04-04 23:20:01] Disk: 22%
[2026-04-04 23:20:01] Memory: 42%
[2026-04-04 23:20:01] Backup: 1h ago
[2026-04-04 23:25:01] API: UP (200)
[2026-04-04 23:25:02] MongoDB: UP
[2026-04-04 23:25:02] Disk: 22%
[2026-04-04 23:25:02] Memory: 35%
[2026-04-04 23:25:02] Backup: 1h ago
[2026-04-04 23:30:01] API: UP (200)
[2026-04-04 23:30:01] MongoDB: UP
[2026-04-04 23:30:01] Disk: 22%
[2026-04-04 23:30:01] Memory: 36%
[2026-04-04 23:30:01] Backup: 1h ago
[2026-04-04 23:35:01] API: UP (200)
[2026-04-04 23:35:01] MongoDB: UP
[2026-04-04 23:35:01] Disk: 22%
[2026-04-04 23:35:01] Memory: 32%
[2026-04-04 23:35:01] Backup: 1h ago
[2026-04-04 23:40:01] API: UP (200)
[2026-04-04 23:40:02] MongoDB: UP
[2026-04-04 23:40:02] Disk: 22%
[2026-04-04 23:40:02] Memory: 33%
[2026-04-04 23:40:02] Backup: 1h ago
[2026-04-04 23:45:01] API: UP (200)
[2026-04-04 23:45:01] MongoDB: UP
[2026-04-04 23:45:01] Disk: 22%
[2026-04-04 23:45:01] Memory: 21%
[2026-04-04 23:45:01] Backup: 1h ago
[2026-04-04 23:50:01] API: UP (200)
[2026-04-04 23:50:02] MongoDB: UP
[2026-04-04 23:50:02] Disk: 22%
[2026-04-04 23:50:02] Memory: 21%
[2026-04-04 23:50:02] Backup: 1h ago
[2026-04-04 23:55:01] API: UP (200)
[2026-04-04 23:55:01] MongoDB: UP
[2026-04-04 23:55:01] Disk: 22%
[2026-04-04 23:55:01] Memory: 21%
[2026-04-04 23:55:01] Backup: 1h ago
[2026-04-05 00:00:01] API: UP (200)
[2026-04-05 00:00:01] MongoDB: UP
[2026-04-05 00:00:01] Disk: 22%
[2026-04-05 00:00:01] Memory: 21%
[2026-04-05 00:00:01] Backup: 1h ago
[2026-04-05 00:05:01] API: UP (200)
[2026-04-05 00:05:02] MongoDB: UP
[2026-04-05 00:05:02] Disk: 22%
[2026-04-05 00:05:02] Memory: 18%
[2026-04-05 00:05:02] Backup: 1h ago
[2026-04-05 00:10:01] API: UP (200)
[2026-04-05 00:10:01] MongoDB: UP
[2026-04-05 00:10:01] Disk: 22%
[2026-04-05 00:10:01] Memory: 18%
[2026-04-05 00:10:01] Backup: 2h ago
[2026-04-05 00:15:01] API: UP (200)
[2026-04-05 00:15:01] MongoDB: UP
[2026-04-05 00:15:01] Disk: 22%
[2026-04-05 00:15:01] Memory: 18%
[2026-04-05 00:15:01] Backup: 2h ago
[2026-04-05 00:20:01] API: UP (200)
[2026-04-05 00:20:02] MongoDB: UP
[2026-04-05 00:20:02] Disk: 22%
[2026-04-05 00:20:02] Memory: 18%
[2026-04-05 00:20:02] Backup: 2h ago
